src/app/api/webhooks/asaas/route.ts(59,8): error TS2551: Property 'catch' does not exist on type 'PostgrestFilterBuilder<any, any, any, null, "agent_audit_logs", unknown, "POST">'. Did you mean 'match'?
src/app/api/webhooks/asaas/route.ts(75,8): error TS2551: Property 'catch' does not exist on type 'PostgrestFilterBuilder<any, any, any, null, "agent_audit_logs", unknown, "POST">'. Did you mean 'match'?
src/app/api/webhooks/asaas/route.ts(100,6): error TS2551: Property 'catch' does not exist on type 'PostgrestFilterBuilder<any, any, any, null, "agent_audit_logs", unknown, "POST">'. Did you mean 'match'?
src/app/page.tsx(136,12): error TS2746: This JSX tag's 'children' prop expects a single child of type 'Element', but multiple children were provided.
